PS C:\Users\lausu\Desktop\大三上学期\大二小学期\SE2026-main\0826测试报告\API-TC04-审核接口集成测试\run-api-tc04-gate.ps1 -Python .\\.venv\\Scripts\\python.exe -TestPath tests\\test_video_flow_api.py
EEEEEE                                                                   [100%]
=================================== ERRORS ====================================
_______ ERROR at setup of test_creator_submit_then_admin_approve_video ________

self = <sqlalchemy.engine.base.Connection object at 0x000002018C32CC50>
dialect = <sqlalchemy.dialects.postgresql.psycopg2.PGDialect_psycopg2 object at 0x00000201F54447D0>
context = <sqlalchemy.dialects.postgresql.psycopg2.PGExecutionContext_psycopg2 object at 0x00000201FF75CB90>
statement = <sqlalchemy.dialects.postgresql.base.PGDDLCompiler object at 0x000002018C33A5D0>
parameters = [immutabledict({})]

    def _exec_single_context(
        self,
        dialect: Dialect,
        context: ExecutionContext,
        statement: Union[str, Compiled],
        parameters: Optional[_AnyMultiExecuteParams],
    ) -> CursorResult[Any]:
        """continue the _execute_context() method for a single DBAPI
        cursor.execute() or cursor.executemany() call.
    
        """
        if dialect.bind_typing is BindTyping.SETINPUTSIZES:
            generic_setinputsizes = context._prepare_set_input_sizes()
    
            if generic_setinputsizes:
                try:
                    dialect.do_set_input_sizes(
                        context.cursor, generic_setinputsizes, context
                    )
                except BaseException as e:
                    self._handle_dbapi_exception(
                        e, str(statement), parameters, None, context
                    )
    
        cursor, str_statement, parameters = (
            context.cursor,
            context.statement,
            context.parameters,
        )
    
        effective_parameters: Optional[_AnyExecuteParams]
    
        if not context.executemany:
            effective_parameters = parameters[0]
        else:
            effective_parameters = parameters
    
        if self._has_events or self.engine._has_events:
            for fn in self.dispatch.before_cursor_execute:
                str_statement, effective_parameters = fn(
                    self,
                    cursor,
                    str_statement,
                    effective_parameters,
                    context,
                    context.executemany,
                )
    
        if self._echo:
            self._log_info(str_statement)
    
            stats = context._get_cache_stats()
    
            if not self.engine.hide_parameters:
                self._log_info(
                    "[%s] %r",
                    stats,
                    sql_util._repr_params(
                        effective_parameters,
                        batches=10,
                        ismulti=context.executemany,
                    ),
                )
            else:
                self._log_info(
                    "[%s] [SQL parameters hidden due to hide_parameters=True]",
                    stats,
                )
    
        evt_handled: bool = False
        try:
            if context.execute_style is ExecuteStyle.EXECUTEMANY:
                effective_parameters = cast(
                    "_CoreMultiExecuteParams", effective_parameters
                )
                if self.dialect._has_events:
                    for fn in self.dialect.dispatch.do_executemany:
                        if fn(
                            cursor,
                            str_statement,
                            effective_parameters,
                            context,
                        ):
                            evt_handled = True
                            break
                if not evt_handled:
                    self.dialect.do_executemany(
                        cursor,
                        str_statement,
                        effective_parameters,
                        context,
                    )
            elif not effective_parameters and context.no_parameters:
                if self.dialect._has_events:
                    for fn in self.dialect.dispatch.do_execute_no_params:
                        if fn(cursor, str_statement, context):
                            evt_handled = True
                            break
                if not evt_handled:
                    self.dialect.do_execute_no_params(
                        cursor, str_statement, context
                    )
            else:
                effective_parameters = cast(
                    "_CoreSingleExecuteParams", effective_parameters
                )
                if self.dialect._has_events:
                    for fn in self.dialect.dispatch.do_execute:
                        if fn(
                            cursor,
                            str_statement,
                            effective_parameters,
                            context,
                        ):
                            evt_handled = True
                            break
                if not evt_handled:
>                   self.dialect.do_execute(
                        cursor, str_statement, effective_parameters, context
                    )

.venv\Lib\site-packages\sqlalchemy\engine\base.py:1967: 
_ _ _ _ _ _ _ _ _ _ _ _ _ _ _ _ _ _ _ _ _ _ _ _ _ _ _ _ _ _ _ _ _ _ _ _ _ _ _ _

self = <sqlalchemy.dialects.postgresql.psycopg2.PGDialect_psycopg2 object at 0x00000201F54447D0>
cursor = <cursor object at 0x000002018C326260; closed: -1>
statement = '\nDROP TABLE comments', parameters = immutabledict({})
context = <sqlalchemy.dialects.postgresql.psycopg2.PGExecutionContext_psycopg2 object at 0x00000201FF75CB90>

    def do_execute(self, cursor, statement, parameters, context=None):
>       cursor.execute(statement, parameters)
E       psycopg2.errors.DependentObjectsStillExist: cannot drop table comments because other objects depend on it
E       DETAIL:  constraint comment_mentions_comment_id_fkey on table comment_mentions depends on table comments
E       HINT:  Use DROP ... CASCADE to drop the dependent objects too.

.venv\Lib\site-packages\sqlalchemy\engine\default.py:941: DependentObjectsStillExist

The above exception was the direct cause of the following exception:

>   ???

C:\\Users\\lausu\\Desktop\\\u5927\u4e09\u4e0a\u5b66\u671f\\\u5927\u4f5c\u4e1a\\StreamHub\\backend\\tests\\conftest.py:22: 
_ _ _ _ _ _ _ _ _ _ _ _ _ _ _ _ _ _ _ _ _ _ _ _ _ _ _ _ _ _ _ _ _ _ _ _ _ _ _ _
.venv\Lib\site-packages\sqlalchemy\sql\schema.py:5896: in drop_all
    bind._run_ddl_visitor(
.venv\Lib\site-packages\sqlalchemy\engine\base.py:3253: in _run_ddl_visitor
    conn._run_ddl_visitor(visitorcallable, element, **kwargs)
.venv\Lib\site-packages\sqlalchemy\engine\base.py:2459: in _run_ddl_visitor
    visitorcallable(self.dialect, self, **kwargs).traverse_single(element)
.venv\Lib\site-packages\sqlalchemy\sql\visitors.py:664: in traverse_single
    return meth(obj, **kw)
           ^^^^^^^^^^^^^^^
.venv\Lib\site-packages\sqlalchemy\sql\ddl.py:1076: in visit_metadata
    self.traverse_single(
.venv\Lib\site-packages\sqlalchemy\sql\visitors.py:664: in traverse_single
    return meth(obj, **kw)
           ^^^^^^^^^^^^^^^
.venv\Lib\site-packages\sqlalchemy\sql\ddl.py:1143: in visit_table
    DropTable(table)._invoke_with(self.connection)
.venv\Lib\site-packages\sqlalchemy\sql\ddl.py:314: in _invoke_with
    return bind.execute(self)
           ^^^^^^^^^^^^^^^^^^
.venv\Lib\site-packages\sqlalchemy\engine\base.py:1418: in execute
    return meth(
.venv\Lib\site-packages\sqlalchemy\sql\ddl.py:180: in _execute_on_connection
    return connection._execute_ddl(
.venv\Lib\site-packages\sqlalchemy\engine\base.py:1529: in _execute_ddl
    ret = self._execute_context(
.venv\Lib\site-packages\sqlalchemy\engine\base.py:1846: in _execute_context
    return self._exec_single_context(
.venv\Lib\site-packages\sqlalchemy\engine\base.py:1986: in _exec_single_context
    self._handle_dbapi_exception(
.venv\Lib\site-packages\sqlalchemy\engine\base.py:2355: in _handle_dbapi_exception
    raise sqlalchemy_exception.with_traceback(exc_info[2]) from e
.venv\Lib\site-packages\sqlalchemy\engine\base.py:1967: in _exec_single_context
    self.dialect.do_execute(
_ _ _ _ _ _ _ _ _ _ _ _ _ _ _ _ _ _ _ _ _ _ _ _ _ _ _ _ _ _ _ _ _ _ _ _ _ _ _ _

self = <sqlalchemy.dialects.postgresql.psycopg2.PGDialect_psycopg2 object at 0x00000201F54447D0>
cursor = <cursor object at 0x000002018C326260; closed: -1>
statement = '\nDROP TABLE comments', parameters = immutabledict({})
context = <sqlalchemy.dialects.postgresql.psycopg2.PGExecutionContext_psycopg2 object at 0x00000201FF75CB90>

    def do_execute(self, cursor, statement, parameters, context=None):
>       cursor.execute(statement, parameters)
E       sqlalchemy.exc.InternalError: (psycopg2.errors.DependentObjectsStillExist) cannot drop table comments because other objects depend on it
E       DETAIL:  constraint comment_mentions_comment_id_fkey on table comment_mentions depends on table comments
E       HINT:  Use DROP ... CASCADE to drop the dependent objects too.
E       
E       [SQL: 
E       DROP TABLE comments]
E       (Background on this error at: https://sqlalche.me/e/20/2j85)

.venv\Lib\site-packages\sqlalchemy\engine\default.py:941: InternalError
___________ ERROR at setup of test_normal_user_cannot_submit_video ____________

self = <sqlalchemy.engine.base.Connection object at 0x000002018C4C7190>
dialect = <sqlalchemy.dialects.postgresql.psycopg2.PGDialect_psycopg2 object at 0x00000201F54447D0>
context = <sqlalchemy.dialects.postgresql.psycopg2.PGExecutionContext_psycopg2 object at 0x000002018D659FD0>
statement = <sqlalchemy.dialects.postgresql.base.PGDDLCompiler object at 0x000002018D65A5D0>
parameters = [immutabledict({})]

    def _exec_single_context(
        self,
        dialect: Dialect,
        context: ExecutionContext,
        statement: Union[str, Compiled],
        parameters: Optional[_AnyMultiExecuteParams],
    ) -> CursorResult[Any]:
        """continue the _execute_context() method for a single DBAPI
        cursor.execute() or cursor.executemany() call.
    
        """
        if dialect.bind_typing is BindTyping.SETINPUTSIZES:
            generic_setinputsizes = context._prepare_set_input_sizes()
    
            if generic_setinputsizes:
                try:
                    dialect.do_set_input_sizes(
                        context.cursor, generic_setinputsizes, context
                    )
                except BaseException as e:
                    self._handle_dbapi_exception(
                        e, str(statement), parameters, None, context
                    )
    
        cursor, str_statement, parameters = (
            context.cursor,
            context.statement,
            context.parameters,
        )
    
        effective_parameters: Optional[_AnyExecuteParams]
    
        if not context.executemany:
            effective_parameters = parameters[0]
        else:
            effective_parameters = parameters
    
        if self._has_events or self.engine._has_events:
            for fn in self.dispatch.before_cursor_execute:
                str_statement, effective_parameters = fn(
                    self,
                    cursor,
                    str_statement,
                    effective_parameters,
                    context,
                    context.executemany,
                )
    
        if self._echo:
            self._log_info(str_statement)
    
            stats = context._get_cache_stats()
    
            if not self.engine.hide_parameters:
                self._log_info(
                    "[%s] %r",
                    stats,
                    sql_util._repr_params(
                        effective_parameters,
                        batches=10,
                        ismulti=context.executemany,
                    ),
                )
            else:
                self._log_info(
                    "[%s] [SQL parameters hidden due to hide_parameters=True]",
                    stats,
                )
    
        evt_handled: bool = False
        try:
            if context.execute_style is ExecuteStyle.EXECUTEMANY:
                effective_parameters = cast(
                    "_CoreMultiExecuteParams", effective_parameters
                )
                if self.dialect._has_events:
                    for fn in self.dialect.dispatch.do_executemany:
                        if fn(
                            cursor,
                            str_statement,
                            effective_parameters,
                            context,
                        ):
                            evt_handled = True
                            break
                if not evt_handled:
                    self.dialect.do_executemany(
                        cursor,
                        str_statement,
                        effective_parameters,
                        context,
                    )
            elif not effective_parameters and context.no_parameters:
                if self.dialect._has_events:
                    for fn in self.dialect.dispatch.do_execute_no_params:
                        if fn(cursor, str_statement, context):
                            evt_handled = True
                            break
                if not evt_handled:
                    self.dialect.do_execute_no_params(
                        cursor, str_statement, context
                    )
            else:
                effective_parameters = cast(
                    "_CoreSingleExecuteParams", effective_parameters
                )
                if self.dialect._has_events:
                    for fn in self.dialect.dispatch.do_execute:
                        if fn(
                            cursor,
                            str_statement,
                            effective_parameters,
                            context,
                        ):
                            evt_handled = True
                            break
                if not evt_handled:
>                   self.dialect.do_execute(
                        cursor, str_statement, effective_parameters, context
                    )

.venv\Lib\site-packages\sqlalchemy\engine\base.py:1967: 
_ _ _ _ _ _ _ _ _ _ _ _ _ _ _ _ _ _ _ _ _ _ _ _ _ _ _ _ _ _ _ _ _ _ _ _ _ _ _ _

self = <sqlalchemy.dialects.postgresql.psycopg2.PGDialect_psycopg2 object at 0x00000201F54447D0>
cursor = <cursor object at 0x000002018C327E60; closed: -1>
statement = '\nDROP TABLE comments', parameters = immutabledict({})
context = <sqlalchemy.dialects.postgresql.psycopg2.PGExecutionContext_psycopg2 object at 0x000002018D659FD0>

    def do_execute(self, cursor, statement, parameters, context=None):
>       cursor.execute(statement, parameters)
E       psycopg2.errors.DependentObjectsStillExist: cannot drop table comments because other objects depend on it
E       DETAIL:  constraint comment_mentions_comment_id_fkey on table comment_mentions depends on table comments
E       HINT:  Use DROP ... CASCADE to drop the dependent objects too.

.venv\Lib\site-packages\sqlalchemy\engine\default.py:941: DependentObjectsStillExist

The above exception was the direct cause of the following exception:

>   ???

C:\\Users\\lausu\\Desktop\\\u5927\u4e09\u4e0a\u5b66\u671f\\\u5927\u4f5c\u4e1a\\StreamHub\\backend\\tests\\conftest.py:22: 
_ _ _ _ _ _ _ _ _ _ _ _ _ _ _ _ _ _ _ _ _ _ _ _ _ _ _ _ _ _ _ _ _ _ _ _ _ _ _ _
.venv\Lib\site-packages\sqlalchemy\sql\schema.py:5896: in drop_all
    bind._run_ddl_visitor(
.venv\Lib\site-packages\sqlalchemy\engine\base.py:3253: in _run_ddl_visitor
    conn._run_ddl_visitor(visitorcallable, element, **kwargs)
.venv\Lib\site-packages\sqlalchemy\engine\base.py:2459: in _run_ddl_visitor
    visitorcallable(self.dialect, self, **kwargs).traverse_single(element)
.venv\Lib\site-packages\sqlalchemy\sql\visitors.py:664: in traverse_single
    return meth(obj, **kw)
           ^^^^^^^^^^^^^^^
.venv\Lib\site-packages\sqlalchemy\sql\ddl.py:1076: in visit_metadata
    self.traverse_single(
.venv\Lib\site-packages\sqlalchemy\sql\visitors.py:664: in traverse_single
    return meth(obj, **kw)
           ^^^^^^^^^^^^^^^
.venv\Lib\site-packages\sqlalchemy\sql\ddl.py:1143: in visit_table
    DropTable(table)._invoke_with(self.connection)
.venv\Lib\site-packages\sqlalchemy\sql\ddl.py:314: in _invoke_with
    return bind.execute(self)
           ^^^^^^^^^^^^^^^^^^
.venv\Lib\site-packages\sqlalchemy\engine\base.py:1418: in execute
    return meth(
.venv\Lib\site-packages\sqlalchemy\sql\ddl.py:180: in _execute_on_connection
    return connection._execute_ddl(
.venv\Lib\site-packages\sqlalchemy\engine\base.py:1529: in _execute_ddl
    ret = self._execute_context(
.venv\Lib\site-packages\sqlalchemy\engine\base.py:1846: in _execute_context
    return self._exec_single_context(
.venv\Lib\site-packages\sqlalchemy\engine\base.py:1986: in _exec_single_context
    self._handle_dbapi_exception(
.venv\Lib\site-packages\sqlalchemy\engine\base.py:2355: in _handle_dbapi_exception
    raise sqlalchemy_exception.with_traceback(exc_info[2]) from e
.venv\Lib\site-packages\sqlalchemy\engine\base.py:1967: in _exec_single_context
    self.dialect.do_execute(
_ _ _ _ _ _ _ _ _ _ _ _ _ _ _ _ _ _ _ _ _ _ _ _ _ _ _ _ _ _ _ _ _ _ _ _ _ _ _ _

self = <sqlalchemy.dialects.postgresql.psycopg2.PGDialect_psycopg2 object at 0x00000201F54447D0>
cursor = <cursor object at 0x000002018C327E60; closed: -1>
statement = '\nDROP TABLE comments', parameters = immutabledict({})
context = <sqlalchemy.dialects.postgresql.psycopg2.PGExecutionContext_psycopg2 object at 0x000002018D659FD0>

    def do_execute(self, cursor, statement, parameters, context=None):
>       cursor.execute(statement, parameters)
E       sqlalchemy.exc.InternalError: (psycopg2.errors.DependentObjectsStillExist) cannot drop table comments because other objects depend on it
E       DETAIL:  constraint comment_mentions_comment_id_fkey on table comment_mentions depends on table comments
E       HINT:  Use DROP ... CASCADE to drop the dependent objects too.
E       
E       [SQL: 
E       DROP TABLE comments]
E       (Background on this error at: https://sqlalche.me/e/20/2j85)

.venv\Lib\site-packages\sqlalchemy\engine\default.py:941: InternalError
___________ ERROR at setup of test_admin_can_reject_submitted_video ___________

self = <sqlalchemy.engine.base.Connection object at 0x000002018C243F10>
dialect = <sqlalchemy.dialects.postgresql.psycopg2.PGDialect_psycopg2 object at 0x00000201F54447D0>
context = <sqlalchemy.dialects.postgresql.psycopg2.PGExecutionContext_psycopg2 object at 0x000002018D92F490>
statement = <sqlalchemy.dialects.postgresql.base.PGDDLCompiler object at 0x000002018D92C910>
parameters = [immutabledict({})]

    def _exec_single_context(
        self,
        dialect: Dialect,
        context: ExecutionContext,
        statement: Union[str, Compiled],
        parameters: Optional[_AnyMultiExecuteParams],
    ) -> CursorResult[Any]:
        """continue the _execute_context() method for a single DBAPI
        cursor.execute() or cursor.executemany() call.
    
        """
        if dialect.bind_typing is BindTyping.SETINPUTSIZES:
            generic_setinputsizes = context._prepare_set_input_sizes()
    
            if generic_setinputsizes:
                try:
                    dialect.do_set_input_sizes(
                        context.cursor, generic_setinputsizes, context
                    )
                except BaseException as e:
                    self._handle_dbapi_exception(
                        e, str(statement), parameters, None, context
                    )
    
        cursor, str_statement, parameters = (
            context.cursor,
            context.statement,
            context.parameters,
        )
    
        effective_parameters: Optional[_AnyExecuteParams]
    
        if not context.executemany:
            effective_parameters = parameters[0]
        else:
            effective_parameters = parameters
    
        if self._has_events or self.engine._has_events:
            for fn in self.dispatch.before_cursor_execute:
                str_statement, effective_parameters = fn(
                    self,
                    cursor,
                    str_statement,
                    effective_parameters,
                    context,
                    context.executemany,
                )
    
        if self._echo:
            self._log_info(str_statement)
    
            stats = context._get_cache_stats()
    
            if not self.engine.hide_parameters:
                self._log_info(
                    "[%s] %r",
                    stats,
                    sql_util._repr_params(
                        effective_parameters,
                        batches=10,
                        ismulti=context.executemany,
                    ),
                )
            else:
                self._log_info(
                    "[%s] [SQL parameters hidden due to hide_parameters=True]",
                    stats,
                )
    
        evt_handled: bool = False
        try:
            if context.execute_style is ExecuteStyle.EXECUTEMANY:
                effective_parameters = cast(
                    "_CoreMultiExecuteParams", effective_parameters
                )
                if self.dialect._has_events:
                    for fn in self.dialect.dispatch.do_executemany:
                        if fn(
                            cursor,
                            str_statement,
                            effective_parameters,
                            context,
                        ):
                            evt_handled = True
                            break
                if not evt_handled:
                    self.dialect.do_executemany(
                        cursor,
                        str_statement,
                        effective_parameters,
                        context,
                    )
            elif not effective_parameters and context.no_parameters:
                if self.dialect._has_events:
                    for fn in self.dialect.dispatch.do_execute_no_params:
                        if fn(cursor, str_statement, context):
                            evt_handled = True
                            break
                if not evt_handled:
                    self.dialect.do_execute_no_params(
                        cursor, str_statement, context
                    )
            else:
                effective_parameters = cast(
                    "_CoreSingleExecuteParams", effective_parameters
                )
                if self.dialect._has_events:
                    for fn in self.dialect.dispatch.do_execute:
                        if fn(
                            cursor,
                            str_statement,
                            effective_parameters,
                            context,
                        ):
                            evt_handled = True
                            break
                if not evt_handled:
>                   self.dialect.do_execute(
                        cursor, str_statement, effective_parameters, context
                    )

.venv\Lib\site-packages\sqlalchemy\engine\base.py:1967: 
_ _ _ _ _ _ _ _ _ _ _ _ _ _ _ _ _ _ _ _ _ _ _ _ _ _ _ _ _ _ _ _ _ _ _ _ _ _ _ _

self = <sqlalchemy.dialects.postgresql.psycopg2.PGDialect_psycopg2 object at 0x00000201F54447D0>
cursor = <cursor object at 0x000002018C4309E0; closed: -1>
statement = '\nDROP TABLE comments', parameters = immutabledict({})
context = <sqlalchemy.dialects.postgresql.psycopg2.PGExecutionContext_psycopg2 object at 0x000002018D92F490>

    def do_execute(self, cursor, statement, parameters, context=None):
>       cursor.execute(statement, parameters)
E       psycopg2.errors.DependentObjectsStillExist: cannot drop table comments because other objects depend on it
E       DETAIL:  constraint comment_mentions_comment_id_fkey on table comment_mentions depends on table comments
E       HINT:  Use DROP ... CASCADE to drop the dependent objects too.

.venv\Lib\site-packages\sqlalchemy\engine\default.py:941: DependentObjectsStillExist

The above exception was the direct cause of the following exception:

>   ???

C:\\Users\\lausu\\Desktop\\\u5927\u4e09\u4e0a\u5b66\u671f\\\u5927\u4f5c\u4e1a\\StreamHub\\backend\\tests\\conftest.py:22: 
_ _ _ _ _ _ _ _ _ _ _ _ _ _ _ _ _ _ _ _ _ _ _ _ _ _ _ _ _ _ _ _ _ _ _ _ _ _ _ _
.venv\Lib\site-packages\sqlalchemy\sql\schema.py:5896: in drop_all
    bind._run_ddl_visitor(
.venv\Lib\site-packages\sqlalchemy\engine\base.py:3253: in _run_ddl_visitor
    conn._run_ddl_visitor(visitorcallable, element, **kwargs)
.venv\Lib\site-packages\sqlalchemy\engine\base.py:2459: in _run_ddl_visitor
    visitorcallable(self.dialect, self, **kwargs).traverse_single(element)
.venv\Lib\site-packages\sqlalchemy\sql\visitors.py:664: in traverse_single
    return meth(obj, **kw)
           ^^^^^^^^^^^^^^^
.venv\Lib\site-packages\sqlalchemy\sql\ddl.py:1076: in visit_metadata
    self.traverse_single(
.venv\Lib\site-packages\sqlalchemy\sql\visitors.py:664: in traverse_single
    return meth(obj, **kw)
           ^^^^^^^^^^^^^^^
.venv\Lib\site-packages\sqlalchemy\sql\ddl.py:1143: in visit_table
    DropTable(table)._invoke_with(self.connection)
.venv\Lib\site-packages\sqlalchemy\sql\ddl.py:314: in _invoke_with
    return bind.execute(self)
           ^^^^^^^^^^^^^^^^^^
.venv\Lib\site-packages\sqlalchemy\engine\base.py:1418: in execute
    return meth(
.venv\Lib\site-packages\sqlalchemy\sql\ddl.py:180: in _execute_on_connection
    return connection._execute_ddl(
.venv\Lib\site-packages\sqlalchemy\engine\base.py:1529: in _execute_ddl
    ret = self._execute_context(
.venv\Lib\site-packages\sqlalchemy\engine\base.py:1846: in _execute_context
    return self._exec_single_context(
.venv\Lib\site-packages\sqlalchemy\engine\base.py:1986: in _exec_single_context
    self._handle_dbapi_exception(
.venv\Lib\site-packages\sqlalchemy\engine\base.py:2355: in _handle_dbapi_exception
    raise sqlalchemy_exception.with_traceback(exc_info[2]) from e
.venv\Lib\site-packages\sqlalchemy\engine\base.py:1967: in _exec_single_context
    self.dialect.do_execute(
_ _ _ _ _ _ _ _ _ _ _ _ _ _ _ _ _ _ _ _ _ _ _ _ _ _ _ _ _ _ _ _ _ _ _ _ _ _ _ _

self = <sqlalchemy.dialects.postgresql.psycopg2.PGDialect_psycopg2 object at 0x00000201F54447D0>
cursor = <cursor object at 0x000002018C4309E0; closed: -1>
statement = '\nDROP TABLE comments', parameters = immutabledict({})
context = <sqlalchemy.dialects.postgresql.psycopg2.PGExecutionContext_psycopg2 object at 0x000002018D92F490>

    def do_execute(self, cursor, statement, parameters, context=None):
>       cursor.execute(statement, parameters)
E       sqlalchemy.exc.InternalError: (psycopg2.errors.DependentObjectsStillExist) cannot drop table comments because other objects depend on it
E       DETAIL:  constraint comment_mentions_comment_id_fkey on table comment_mentions depends on table comments
E       HINT:  Use DROP ... CASCADE to drop the dependent objects too.
E       
E       [SQL: 
E       DROP TABLE comments]
E       (Background on this error at: https://sqlalche.me/e/20/2j85)

.venv\Lib\site-packages\sqlalchemy\engine\default.py:941: InternalError
____________ ERROR at setup of test_normal_user_cannot_audit_video ____________

self = <sqlalchemy.engine.base.Connection object at 0x000002018C4E9910>
dialect = <sqlalchemy.dialects.postgresql.psycopg2.PGDialect_psycopg2 object at 0x00000201F54447D0>
context = <sqlalchemy.dialects.postgresql.psycopg2.PGExecutionContext_psycopg2 object at 0x000002018C4E8050>
statement = <sqlalchemy.dialects.postgresql.base.PGDDLCompiler object at 0x000002018C4E9150>
parameters = [immutabledict({})]

    def _exec_single_context(
        self,
        dialect: Dialect,
        context: ExecutionContext,
        statement: Union[str, Compiled],
        parameters: Optional[_AnyMultiExecuteParams],
    ) -> CursorResult[Any]:
        """continue the _execute_context() method for a single DBAPI
        cursor.execute() or cursor.executemany() call.
    
        """
        if dialect.bind_typing is BindTyping.SETINPUTSIZES:
            generic_setinputsizes = context._prepare_set_input_sizes()
    
            if generic_setinputsizes:
                try:
                    dialect.do_set_input_sizes(
                        context.cursor, generic_setinputsizes, context
                    )
                except BaseException as e:
                    self._handle_dbapi_exception(
                        e, str(statement), parameters, None, context
                    )
    
        cursor, str_statement, parameters = (
            context.cursor,
            context.statement,
            context.parameters,
        )
    
        effective_parameters: Optional[_AnyExecuteParams]
    
        if not context.executemany:
            effective_parameters = parameters[0]
        else:
            effective_parameters = parameters
    
        if self._has_events or self.engine._has_events:
            for fn in self.dispatch.before_cursor_execute:
                str_statement, effective_parameters = fn(
                    self,
                    cursor,
                    str_statement,
                    effective_parameters,
                    context,
                    context.executemany,
                )
    
        if self._echo:
            self._log_info(str_statement)
    
            stats = context._get_cache_stats()
    
            if not self.engine.hide_parameters:
                self._log_info(
                    "[%s] %r",
                    stats,
                    sql_util._repr_params(
                        effective_parameters,
                        batches=10,
                        ismulti=context.executemany,
                    ),
                )
            else:
                self._log_info(
                    "[%s] [SQL parameters hidden due to hide_parameters=True]",
                    stats,
                )
    
        evt_handled: bool = False
        try:
            if context.execute_style is ExecuteStyle.EXECUTEMANY:
                effective_parameters = cast(
                    "_CoreMultiExecuteParams", effective_parameters
                )
                if self.dialect._has_events:
                    for fn in self.dialect.dispatch.do_executemany:
                        if fn(
                            cursor,
                            str_statement,
                            effective_parameters,
                            context,
                        ):
                            evt_handled = True
                            break
                if not evt_handled:
                    self.dialect.do_executemany(
                        cursor,
                        str_statement,
                        effective_parameters,
                        context,
                    )
            elif not effective_parameters and context.no_parameters:
                if self.dialect._has_events:
                    for fn in self.dialect.dispatch.do_execute_no_params:
                        if fn(cursor, str_statement, context):
                            evt_handled = True
                            break
                if not evt_handled:
                    self.dialect.do_execute_no_params(
                        cursor, str_statement, context
                    )
            else:
                effective_parameters = cast(
                    "_CoreSingleExecuteParams", effective_parameters
                )
                if self.dialect._has_events:
                    for fn in self.dialect.dispatch.do_execute:
                        if fn(
                            cursor,
                            str_statement,
                            effective_parameters,
                            context,
                        ):
                            evt_handled = True
                            break
                if not evt_handled:
>                   self.dialect.do_execute(
                        cursor, str_statement, effective_parameters, context
                    )

.venv\Lib\site-packages\sqlalchemy\engine\base.py:1967: 
_ _ _ _ _ _ _ _ _ _ _ _ _ _ _ _ _ _ _ _ _ _ _ _ _ _ _ _ _ _ _ _ _ _ _ _ _ _ _ _

self = <sqlalchemy.dialects.postgresql.psycopg2.PGDialect_psycopg2 object at 0x00000201F54447D0>
cursor = <cursor object at 0x000002018C327680; closed: -1>
statement = '\nDROP TABLE comments', parameters = immutabledict({})
context = <sqlalchemy.dialects.postgresql.psycopg2.PGExecutionContext_psycopg2 object at 0x000002018C4E8050>

    def do_execute(self, cursor, statement, parameters, context=None):
>       cursor.execute(statement, parameters)
E       psycopg2.errors.DependentObjectsStillExist: cannot drop table comments because other objects depend on it
E       DETAIL:  constraint comment_mentions_comment_id_fkey on table comment_mentions depends on table comments
E       HINT:  Use DROP ... CASCADE to drop the dependent objects too.

.venv\Lib\site-packages\sqlalchemy\engine\default.py:941: DependentObjectsStillExist

The above exception was the direct cause of the following exception:

>   ???

C:\\Users\\lausu\\Desktop\\\u5927\u4e09\u4e0a\u5b66\u671f\\\u5927\u4f5c\u4e1a\\StreamHub\\backend\\tests\\conftest.py:22: 
_ _ _ _ _ _ _ _ _ _ _ _ _ _ _ _ _ _ _ _ _ _ _ _ _ _ _ _ _ _ _ _ _ _ _ _ _ _ _ _
.venv\Lib\site-packages\sqlalchemy\sql\schema.py:5896: in drop_all
    bind._run_ddl_visitor(
.venv\Lib\site-packages\sqlalchemy\engine\base.py:3253: in _run_ddl_visitor
    conn._run_ddl_visitor(visitorcallable, element, **kwargs)
.venv\Lib\site-packages\sqlalchemy\engine\base.py:2459: in _run_ddl_visitor
    visitorcallable(self.dialect, self, **kwargs).traverse_single(element)
.venv\Lib\site-packages\sqlalchemy\sql\visitors.py:664: in traverse_single
    return meth(obj, **kw)
           ^^^^^^^^^^^^^^^
.venv\Lib\site-packages\sqlalchemy\sql\ddl.py:1076: in visit_metadata
    self.traverse_single(
.venv\Lib\site-packages\sqlalchemy\sql\visitors.py:664: in traverse_single
    return meth(obj, **kw)
           ^^^^^^^^^^^^^^^
.venv\Lib\site-packages\sqlalchemy\sql\ddl.py:1143: in visit_table
    DropTable(table)._invoke_with(self.connection)
.venv\Lib\site-packages\sqlalchemy\sql\ddl.py:314: in _invoke_with
    return bind.execute(self)
           ^^^^^^^^^^^^^^^^^^
.venv\Lib\site-packages\sqlalchemy\engine\base.py:1418: in execute
    return meth(
.venv\Lib\site-packages\sqlalchemy\sql\ddl.py:180: in _execute_on_connection
    return connection._execute_ddl(
.venv\Lib\site-packages\sqlalchemy\engine\base.py:1529: in _execute_ddl
    ret = self._execute_context(
.venv\Lib\site-packages\sqlalchemy\engine\base.py:1846: in _execute_context
    return self._exec_single_context(
.venv\Lib\site-packages\sqlalchemy\engine\base.py:1986: in _exec_single_context
    self._handle_dbapi_exception(
.venv\Lib\site-packages\sqlalchemy\engine\base.py:2355: in _handle_dbapi_exception
    raise sqlalchemy_exception.with_traceback(exc_info[2]) from e
.venv\Lib\site-packages\sqlalchemy\engine\base.py:1967: in _exec_single_context
    self.dialect.do_execute(
_ _ _ _ _ _ _ _ _ _ _ _ _ _ _ _ _ _ _ _ _ _ _ _ _ _ _ _ _ _ _ _ _ _ _ _ _ _ _ _

self = <sqlalchemy.dialects.postgresql.psycopg2.PGDialect_psycopg2 object at 0x00000201F54447D0>
cursor = <cursor object at 0x000002018C327680; closed: -1>
statement = '\nDROP TABLE comments', parameters = immutabledict({})
context = <sqlalchemy.dialects.postgresql.psycopg2.PGExecutionContext_psycopg2 object at 0x000002018C4E8050>

    def do_execute(self, cursor, statement, parameters, context=None):
>       cursor.execute(statement, parameters)
E       sqlalchemy.exc.InternalError: (psycopg2.errors.DependentObjectsStillExist) cannot drop table comments because other objects depend on it
E       DETAIL:  constraint comment_mentions_comment_id_fkey on table comment_mentions depends on table comments
E       HINT:  Use DROP ... CASCADE to drop the dependent objects too.
E       
E       [SQL: 
E       DROP TABLE comments]
E       (Background on this error at: https://sqlalche.me/e/20/2j85)

.venv\Lib\site-packages\sqlalchemy\engine\default.py:941: InternalError
____ ERROR at setup of test_admin_cannot_return_submitted_video_to_pending ____

self = <sqlalchemy.engine.base.Connection object at 0x000002018DB2DD50>
dialect = <sqlalchemy.dialects.postgresql.psycopg2.PGDialect_psycopg2 object at 0x00000201F54447D0>
context = <sqlalchemy.dialects.postgresql.psycopg2.PGExecutionContext_psycopg2 object at 0x000002018DB2CB90>
statement = <sqlalchemy.dialects.postgresql.base.PGDDLCompiler object at 0x000002018DB2E1D0>
parameters = [immutabledict({})]

    def _exec_single_context(
        self,
        dialect: Dialect,
        context: ExecutionContext,
        statement: Union[str, Compiled],
        parameters: Optional[_AnyMultiExecuteParams],
    ) -> CursorResult[Any]:
        """continue the _execute_context() method for a single DBAPI
        cursor.execute() or cursor.executemany() call.
    
        """
        if dialect.bind_typing is BindTyping.SETINPUTSIZES:
            generic_setinputsizes = context._prepare_set_input_sizes()
    
            if generic_setinputsizes:
                try:
                    dialect.do_set_input_sizes(
                        context.cursor, generic_setinputsizes, context
                    )
                except BaseException as e:
                    self._handle_dbapi_exception(
                        e, str(statement), parameters, None, context
                    )
    
        cursor, str_statement, parameters = (
            context.cursor,
            context.statement,
            context.parameters,
        )
    
        effective_parameters: Optional[_AnyExecuteParams]
    
        if not context.executemany:
            effective_parameters = parameters[0]
        else:
            effective_parameters = parameters
    
        if self._has_events or self.engine._has_events:
            for fn in self.dispatch.before_cursor_execute:
                str_statement, effective_parameters = fn(
                    self,
                    cursor,
                    str_statement,
                    effective_parameters,
                    context,
                    context.executemany,
                )
    
        if self._echo:
            self._log_info(str_statement)
    
            stats = context._get_cache_stats()
    
            if not self.engine.hide_parameters:
                self._log_info(
                    "[%s] %r",
                    stats,
                    sql_util._repr_params(
                        effective_parameters,
                        batches=10,
                        ismulti=context.executemany,
                    ),
                )
            else:
                self._log_info(
                    "[%s] [SQL parameters hidden due to hide_parameters=True]",
                    stats,
                )
    
        evt_handled: bool = False
        try:
            if context.execute_style is ExecuteStyle.EXECUTEMANY:
                effective_parameters = cast(
                    "_CoreMultiExecuteParams", effective_parameters
                )
                if self.dialect._has_events:
                    for fn in self.dialect.dispatch.do_executemany:
                        if fn(
                            cursor,
                            str_statement,
                            effective_parameters,
                            context,
                        ):
                            evt_handled = True
                            break
                if not evt_handled:
                    self.dialect.do_executemany(
                        cursor,
                        str_statement,
                        effective_parameters,
                        context,
                    )
            elif not effective_parameters and context.no_parameters:
                if self.dialect._has_events:
                    for fn in self.dialect.dispatch.do_execute_no_params:
                        if fn(cursor, str_statement, context):
                            evt_handled = True
                            break
                if not evt_handled:
                    self.dialect.do_execute_no_params(
                        cursor, str_statement, context
                    )
            else:
                effective_parameters = cast(
                    "_CoreSingleExecuteParams", effective_parameters
                )
                if self.dialect._has_events:
                    for fn in self.dialect.dispatch.do_execute:
                        if fn(
                            cursor,
                            str_statement,
                            effective_parameters,
                            context,
                        ):
                            evt_handled = True
                            break
                if not evt_handled:
>                   self.dialect.do_execute(
                        cursor, str_statement, effective_parameters, context
                    )

.venv\Lib\site-packages\sqlalchemy\engine\base.py:1967: 
_ _ _ _ _ _ _ _ _ _ _ _ _ _ _ _ _ _ _ _ _ _ _ _ _ _ _ _ _ _ _ _ _ _ _ _ _ _ _ _

self = <sqlalchemy.dialects.postgresql.psycopg2.PGDialect_psycopg2 object at 0x00000201F54447D0>
cursor = <cursor object at 0x000002018C431C40; closed: -1>
statement = '\nDROP TABLE comments', parameters = immutabledict({})
context = <sqlalchemy.dialects.postgresql.psycopg2.PGExecutionContext_psycopg2 object at 0x000002018DB2CB90>

    def do_execute(self, cursor, statement, parameters, context=None):
>       cursor.execute(statement, parameters)
E       psycopg2.errors.DependentObjectsStillExist: cannot drop table comments because other objects depend on it
E       DETAIL:  constraint comment_mentions_comment_id_fkey on table comment_mentions depends on table comments
E       HINT:  Use DROP ... CASCADE to drop the dependent objects too.

.venv\Lib\site-packages\sqlalchemy\engine\default.py:941: DependentObjectsStillExist

The above exception was the direct cause of the following exception:

>   ???

C:\\Users\\lausu\\Desktop\\\u5927\u4e09\u4e0a\u5b66\u671f\\\u5927\u4f5c\u4e1a\\StreamHub\\backend\\tests\\conftest.py:22: 
_ _ _ _ _ _ _ _ _ _ _ _ _ _ _ _ _ _ _ _ _ _ _ _ _ _ _ _ _ _ _ _ _ _ _ _ _ _ _ _
.venv\Lib\site-packages\sqlalchemy\sql\schema.py:5896: in drop_all
    bind._run_ddl_visitor(
.venv\Lib\site-packages\sqlalchemy\engine\base.py:3253: in _run_ddl_visitor
    conn._run_ddl_visitor(visitorcallable, element, **kwargs)
.venv\Lib\site-packages\sqlalchemy\engine\base.py:2459: in _run_ddl_visitor
    visitorcallable(self.dialect, self, **kwargs).traverse_single(element)
.venv\Lib\site-packages\sqlalchemy\sql\visitors.py:664: in traverse_single
    return meth(obj, **kw)
           ^^^^^^^^^^^^^^^
.venv\Lib\site-packages\sqlalchemy\sql\ddl.py:1076: in visit_metadata
    self.traverse_single(
.venv\Lib\site-packages\sqlalchemy\sql\visitors.py:664: in traverse_single
    return meth(obj, **kw)
           ^^^^^^^^^^^^^^^
.venv\Lib\site-packages\sqlalchemy\sql\ddl.py:1143: in visit_table
    DropTable(table)._invoke_with(self.connection)
.venv\Lib\site-packages\sqlalchemy\sql\ddl.py:314: in _invoke_with
    return bind.execute(self)
           ^^^^^^^^^^^^^^^^^^
.venv\Lib\site-packages\sqlalchemy\engine\base.py:1418: in execute
    return meth(
.venv\Lib\site-packages\sqlalchemy\sql\ddl.py:180: in _execute_on_connection
    return connection._execute_ddl(
.venv\Lib\site-packages\sqlalchemy\engine\base.py:1529: in _execute_ddl
    ret = self._execute_context(
.venv\Lib\site-packages\sqlalchemy\engine\base.py:1846: in _execute_context
    return self._exec_single_context(
.venv\Lib\site-packages\sqlalchemy\engine\base.py:1986: in _exec_single_context
    self._handle_dbapi_exception(
.venv\Lib\site-packages\sqlalchemy\engine\base.py:2355: in _handle_dbapi_exception
    raise sqlalchemy_exception.with_traceback(exc_info[2]) from e
.venv\Lib\site-packages\sqlalchemy\engine\base.py:1967: in _exec_single_context
    self.dialect.do_execute(
_ _ _ _ _ _ _ _ _ _ _ _ _ _ _ _ _ _ _ _ _ _ _ _ _ _ _ _ _ _ _ _ _ _ _ _ _ _ _ _

self = <sqlalchemy.dialects.postgresql.psycopg2.PGDialect_psycopg2 object at 0x00000201F54447D0>
cursor = <cursor object at 0x000002018C431C40; closed: -1>
statement = '\nDROP TABLE comments', parameters = immutabledict({})
context = <sqlalchemy.dialects.postgresql.psycopg2.PGExecutionContext_psycopg2 object at 0x000002018DB2CB90>

    def do_execute(self, cursor, statement, parameters, context=None):
>       cursor.execute(statement, parameters)
E       sqlalchemy.exc.InternalError: (psycopg2.errors.DependentObjectsStillExist) cannot drop table comments because other objects depend on it
E       DETAIL:  constraint comment_mentions_comment_id_fkey on table comment_mentions depends on table comments
E       HINT:  Use DROP ... CASCADE to drop the dependent objects too.
E       
E       [SQL: 
E       DROP TABLE comments]
E       (Background on this error at: https://sqlalche.me/e/20/2j85)

.venv\Lib\site-packages\sqlalchemy\engine\default.py:941: InternalError
_________ ERROR at setup of test_admin_cannot_audit_nonexistent_video _________

self = <sqlalchemy.engine.base.Connection object at 0x000002018C409A90>
dialect = <sqlalchemy.dialects.postgresql.psycopg2.PGDialect_psycopg2 object at 0x00000201F54447D0>
context = <sqlalchemy.dialects.postgresql.psycopg2.PGExecutionContext_psycopg2 object at 0x000002018D92F490>
statement = <sqlalchemy.dialects.postgresql.base.PGDDLCompiler object at 0x000002018D92D8D0>
parameters = [immutabledict({})]

    def _exec_single_context(
        self,
        dialect: Dialect,
        context: ExecutionContext,
        statement: Union[str, Compiled],
        parameters: Optional[_AnyMultiExecuteParams],
    ) -> CursorResult[Any]:
        """continue the _execute_context() method for a single DBAPI
        cursor.execute() or cursor.executemany() call.
    
        """
        if dialect.bind_typing is BindTyping.SETINPUTSIZES:
            generic_setinputsizes = context._prepare_set_input_sizes()
    
            if generic_setinputsizes:
                try:
                    dialect.do_set_input_sizes(
                        context.cursor, generic_setinputsizes, context
                    )
                except BaseException as e:
                    self._handle_dbapi_exception(
                        e, str(statement), parameters, None, context
                    )
    
        cursor, str_statement, parameters = (
            context.cursor,
            context.statement,
            context.parameters,
        )
    
        effective_parameters: Optional[_AnyExecuteParams]
    
        if not context.executemany:
            effective_parameters = parameters[0]
        else:
            effective_parameters = parameters
    
        if self._has_events or self.engine._has_events:
            for fn in self.dispatch.before_cursor_execute:
                str_statement, effective_parameters = fn(
                    self,
                    cursor,
                    str_statement,
                    effective_parameters,
                    context,
                    context.executemany,
                )
    
        if self._echo:
            self._log_info(str_statement)
    
            stats = context._get_cache_stats()
    
            if not self.engine.hide_parameters:
                self._log_info(
                    "[%s] %r",
                    stats,
                    sql_util._repr_params(
                        effective_parameters,
                        batches=10,
                        ismulti=context.executemany,
                    ),
                )
            else:
                self._log_info(
                    "[%s] [SQL parameters hidden due to hide_parameters=True]",
                    stats,
                )
    
        evt_handled: bool = False
        try:
            if context.execute_style is ExecuteStyle.EXECUTEMANY:
                effective_parameters = cast(
                    "_CoreMultiExecuteParams", effective_parameters
                )
                if self.dialect._has_events:
                    for fn in self.dialect.dispatch.do_executemany:
                        if fn(
                            cursor,
                            str_statement,
                            effective_parameters,
                            context,
                        ):
                            evt_handled = True
                            break
                if not evt_handled:
                    self.dialect.do_executemany(
                        cursor,
                        str_statement,
                        effective_parameters,
                        context,
                    )
            elif not effective_parameters and context.no_parameters:
                if self.dialect._has_events:
                    for fn in self.dialect.dispatch.do_execute_no_params:
                        if fn(cursor, str_statement, context):
                            evt_handled = True
                            break
                if not evt_handled:
                    self.dialect.do_execute_no_params(
                        cursor, str_statement, context
                    )
            else:
                effective_parameters = cast(
                    "_CoreSingleExecuteParams", effective_parameters
                )
                if self.dialect._has_events:
                    for fn in self.dialect.dispatch.do_execute:
                        if fn(
                            cursor,
                            str_statement,
                            effective_parameters,
                            context,
                        ):
                            evt_handled = True
                            break
                if not evt_handled:
>                   self.dialect.do_execute(
                        cursor, str_statement, effective_parameters, context
                    )

.venv\Lib\site-packages\sqlalchemy\engine\base.py:1967: 
_ _ _ _ _ _ _ _ _ _ _ _ _ _ _ _ _ _ _ _ _ _ _ _ _ _ _ _ _ _ _ _ _ _ _ _ _ _ _ _

self = <sqlalchemy.dialects.postgresql.psycopg2.PGDialect_psycopg2 object at 0x00000201F54447D0>
cursor = <cursor object at 0x000002018C430900; closed: -1>
statement = '\nDROP TABLE comments', parameters = immutabledict({})
context = <sqlalchemy.dialects.postgresql.psycopg2.PGExecutionContext_psycopg2 object at 0x000002018D92F490>

    def do_execute(self, cursor, statement, parameters, context=None):
>       cursor.execute(statement, parameters)
E       psycopg2.errors.DependentObjectsStillExist: cannot drop table comments because other objects depend on it
E       DETAIL:  constraint comment_mentions_comment_id_fkey on table comment_mentions depends on table comments
E       HINT:  Use DROP ... CASCADE to drop the dependent objects too.

.venv\Lib\site-packages\sqlalchemy\engine\default.py:941: DependentObjectsStillExist

The above exception was the direct cause of the following exception:

>   ???

C:\\Users\\lausu\\Desktop\\\u5927\u4e09\u4e0a\u5b66\u671f\\\u5927\u4f5c\u4e1a\\StreamHub\\backend\\tests\\conftest.py:22: 
_ _ _ _ _ _ _ _ _ _ _ _ _ _ _ _ _ _ _ _ _ _ _ _ _ _ _ _ _ _ _ _ _ _ _ _ _ _ _ _
.venv\Lib\site-packages\sqlalchemy\sql\schema.py:5896: in drop_all
    bind._run_ddl_visitor(
.venv\Lib\site-packages\sqlalchemy\engine\base.py:3253: in _run_ddl_visitor
    conn._run_ddl_visitor(visitorcallable, element, **kwargs)
.venv\Lib\site-packages\sqlalchemy\engine\base.py:2459: in _run_ddl_visitor
    visitorcallable(self.dialect, self, **kwargs).traverse_single(element)
.venv\Lib\site-packages\sqlalchemy\sql\visitors.py:664: in traverse_single
    return meth(obj, **kw)
           ^^^^^^^^^^^^^^^
.venv\Lib\site-packages\sqlalchemy\sql\ddl.py:1076: in visit_metadata
    self.traverse_single(
.venv\Lib\site-packages\sqlalchemy\sql\visitors.py:664: in traverse_single
    return meth(obj, **kw)
           ^^^^^^^^^^^^^^^
.venv\Lib\site-packages\sqlalchemy\sql\ddl.py:1143: in visit_table
    DropTable(table)._invoke_with(self.connection)
.venv\Lib\site-packages\sqlalchemy\sql\ddl.py:314: in _invoke_with
    return bind.execute(self)
           ^^^^^^^^^^^^^^^^^^
.venv\Lib\site-packages\sqlalchemy\engine\base.py:1418: in execute
    return meth(
.venv\Lib\site-packages\sqlalchemy\sql\ddl.py:180: in _execute_on_connection
    return connection._execute_ddl(
.venv\Lib\site-packages\sqlalchemy\engine\base.py:1529: in _execute_ddl
    ret = self._execute_context(
.venv\Lib\site-packages\sqlalchemy\engine\base.py:1846: in _execute_context
    return self._exec_single_context(
.venv\Lib\site-packages\sqlalchemy\engine\base.py:1986: in _exec_single_context
    self._handle_dbapi_exception(
.venv\Lib\site-packages\sqlalchemy\engine\base.py:2355: in _handle_dbapi_exception
    raise sqlalchemy_exception.with_traceback(exc_info[2]) from e
.venv\Lib\site-packages\sqlalchemy\engine\base.py:1967: in _exec_single_context
    self.dialect.do_execute(
_ _ _ _ _ _ _ _ _ _ _ _ _ _ _ _ _ _ _ _ _ _ _ _ _ _ _ _ _ _ _ _ _ _ _ _ _ _ _ _

self = <sqlalchemy.dialects.postgresql.psycopg2.PGDialect_psycopg2 object at 0x00000201F54447D0>
cursor = <cursor object at 0x000002018C430900; closed: -1>
statement = '\nDROP TABLE comments', parameters = immutabledict({})
context = <sqlalchemy.dialects.postgresql.psycopg2.PGExecutionContext_psycopg2 object at 0x000002018D92F490>

    def do_execute(self, cursor, statement, parameters, context=None):
>       cursor.execute(statement, parameters)
E       sqlalchemy.exc.InternalError: (psycopg2.errors.DependentObjectsStillExist) cannot drop table comments because other objects depend on it
E       DETAIL:  constraint comment_mentions_comment_id_fkey on table comment_mentions depends on table comments
E       HINT:  Use DROP ... CASCADE to drop the dependent objects too.
E       
E       [SQL: 
E       DROP TABLE comments]
E       (Background on this error at: https://sqlalche.me/e/20/2j85)

.venv\Lib\site-packages\sqlalchemy\engine\default.py:941: InternalError
============================== warnings summary ===============================
app\main.py:691
  C:\\Users\\lausu\\Desktop\\\u5927\u4e09\u4e0a\u5b66\u671f\\\u5927\u4e8c\u5c0f\u5b66\u671f\\SE2026-main\\backend\\app\\main.py:691: DeprecationWarning: \n          on_event is deprecated, use lifespan event handlers instead.\n  \n          Read more about it in the\n          [FastAPI docs for Lifespan Events](https://fastapi.tiangolo.com/advanced/events/).\n          \n    @app.on_event('startup')

.venv\Lib\site-packages\fastapi\applications.py:4495
  C:\\Users\\lausu\\Desktop\\\u5927\u4e09\u4e0a\u5b66\u671f\\\u5927\u4e8c\u5c0f\u5b66\u671f\\SE2026-main\\backend\\.venv\\Lib\\site-packages\\fastapi\\applications.py:4495: DeprecationWarning: \n          on_event is deprecated, use lifespan event handlers instead.\n  \n          Read more about it in the\n          [FastAPI docs for Lifespan Events](https://fastapi.tiangolo.com/advanced/events/).\n          \n    return self.router.on_event(event_type)

-- Docs: https://docs.pytest.org/en/stable/how-to/capture-warnings.html
=========================== short test summary info ===========================
ERROR tests/test_video_flow_api.py::test_creator_submit_then_admin_approve_video
ERROR tests/test_video_flow_api.py::test_normal_user_cannot_submit_video - sq...
ERROR tests/test_video_flow_api.py::test_admin_can_reject_submitted_video - s...
ERROR tests/test_video_flow_api.py::test_normal_user_cannot_audit_video - sql...
ERROR tests/test_video_flow_api.py::test_admin_cannot_return_submitted_video_to_pending
ERROR tests/test_video_flow_api.py::test_admin_cannot_audit_nonexistent_video
2 warnings, 6 errors in 3.40s
API_TEST=FAILED
PUBLISH_IMAGE=SKIPPED
DEPLOY=SKIPPED
